Parsed Symptoms: mild fever and cough for 2 days